// Jest Snapshot v1, https://goo.gl/fbAQLP

exports[`Project summary renders 1`] = `
<div
  className="card z-depth-0 project-summary"
>
  <div
    className="card-content grey-text text-darken-3"
  >
    <span
      className="card-title"
    >
      
    </span>
    <p>
      Posted by 
       
    </p>
    <p
      className="grey-text"
    >
      Today at 10:17 PM
    </p>
  </div>
</div>
`;
